---

defined: before

# REPLACE_BETWEEN_MARKERS START source=./stages.txt
stages:
- a
- b
- c

# REPLACE_BETWEEN_MARKERS END

defined_again: after